INFO 2025-07-22 10:08:12 [django.utils.autoreload] Watching for file changes with StatReloader
INFO 2025-07-22 11:54:00 [django.utils.autoreload] /app/apps/utils/middleware.py changed, reloading.
INFO 2025-07-22 11:54:10 [django.utils.autoreload] Watching for file changes with StatReloader
INFO 2025-07-22 12:09:00 [django.utils.autoreload] /app/deckoviz/settings.py changed, reloading.
INFO 2025-07-22 12:09:07 [django.utils.autoreload] Watching for file changes with StatReloader
INFO 2025-07-22 13:54:15 [django.utils.autoreload] Watching for file changes with StatReloader
INFO 2025-07-22 15:32:09 [django.utils.autoreload] /app/apps/curations/admin.py changed, reloading.
INFO 2025-07-22 15:32:12 [django.utils.autoreload] Watching for file changes with StatReloader
INFO 2025-07-22 15:32:20 [django.utils.autoreload] /app/apps/curations/admin.py changed, reloading.
INFO 2025-07-22 15:32:23 [django.utils.autoreload] Watching for file changes with StatReloader
INFO 2025-07-22 15:38:46 [django.utils.autoreload] /app/apps/curations/models.py changed, reloading.
INFO 2025-07-22 15:38:49 [django.utils.autoreload] Watching for file changes with StatReloader
INFO 2025-07-22 15:39:00 [django.utils.autoreload] /app/apps/curations/admin.py changed, reloading.
INFO 2025-07-22 15:39:03 [django.utils.autoreload] Watching for file changes with StatReloader
INFO 2025-07-22 15:39:11 [django.utils.autoreload] /app/apps/curations/admin.py changed, reloading.
INFO 2025-07-22 15:39:14 [django.utils.autoreload] Watching for file changes with StatReloader
INFO 2025-07-22 15:39:22 [django.utils.autoreload] /app/apps/curations/serializers.py changed, reloading.
INFO 2025-07-22 15:39:25 [django.utils.autoreload] Watching for file changes with StatReloader
INFO 2025-07-22 15:39:41 [django.utils.autoreload] /app/apps/curations/views.py changed, reloading.
INFO 2025-07-22 15:39:44 [django.utils.autoreload] Watching for file changes with StatReloader
INFO 2025-07-22 15:47:20 [django.utils.autoreload] Watching for file changes with StatReloader
INFO 2025-07-22 17:44:35 [django.utils.autoreload] /app/deckoviz/settings.py changed, reloading.
INFO 2025-07-22 17:44:42 [django.utils.autoreload] Watching for file changes with StatReloader
INFO 2025-07-24 10:13:57 [django.utils.autoreload] Watching for file changes with StatReloader
INFO 2025-07-24 10:18:25 [django.utils.autoreload] /app/apps/modes/views.py changed, reloading.
INFO 2025-07-24 10:18:28 [django.utils.autoreload] Watching for file changes with StatReloader
INFO 2025-07-24 10:18:36 [django.utils.autoreload] /app/apps/modes/views.py changed, reloading.
INFO 2025-07-24 10:18:39 [django.utils.autoreload] Watching for file changes with StatReloader
INFO 2025-07-24 10:18:48 [django.utils.autoreload] /app/apps/modes/urls.py changed, reloading.
INFO 2025-07-24 10:18:51 [django.utils.autoreload] Watching for file changes with StatReloader
INFO 2025-07-24 10:18:59 [django.utils.autoreload] /app/apps/modes/views.py changed, reloading.
INFO 2025-07-24 10:19:02 [django.utils.autoreload] Watching for file changes with StatReloader
INFO 2025-07-24 10:19:44 [django.utils.autoreload] /app/apps/modes/urls.py changed, reloading.
INFO 2025-07-24 10:19:46 [django.utils.autoreload] Watching for file changes with StatReloader
INFO 2025-07-24 10:19:55 [django.utils.autoreload] /app/apps/modes/views.py changed, reloading.
INFO 2025-07-24 10:19:58 [django.utils.autoreload] Watching for file changes with StatReloader
INFO 2025-07-24 10:20:07 [django.utils.autoreload] /app/apps/modes/views.py changed, reloading.
INFO 2025-07-24 10:20:10 [django.utils.autoreload] Watching for file changes with StatReloader
INFO 2025-07-24 10:21:32 [django.utils.autoreload] /app/apps/modes/urls.py changed, reloading.
INFO 2025-07-24 10:21:35 [django.utils.autoreload] Watching for file changes with StatReloader
INFO 2025-07-24 12:14:22 [django.utils.autoreload] /app/deckoviz/settings.py changed, reloading.
INFO 2025-07-24 12:14:33 [django.utils.autoreload] Watching for file changes with StatReloader
INFO 2025-07-24 12:14:45 [django.utils.autoreload] /app/deckoviz/urls.py changed, reloading.
INFO 2025-07-24 12:14:52 [django.utils.autoreload] Watching for file changes with StatReloader
INFO 2025-07-24 12:15:21 [django.utils.autoreload] /app/apps/analytics/models.py changed, reloading.
INFO 2025-07-24 12:15:28 [django.utils.autoreload] Watching for file changes with StatReloader
INFO 2025-07-24 12:15:48 [django.utils.autoreload] /app/apps/analytics/models.py changed, reloading.
INFO 2025-07-24 12:15:54 [django.utils.autoreload] Watching for file changes with StatReloader
INFO 2025-07-24 12:15:59 [django.utils.autoreload] /app/apps/analytics/models.py changed, reloading.
INFO 2025-07-24 12:16:07 [django.utils.autoreload] Watching for file changes with StatReloader
INFO 2025-07-24 12:29:54 [django.utils.autoreload] Watching for file changes with StatReloader
ERROR 2025-07-25 10:05:54 [django.security.DisallowedHost] Invalid HTTP_HOST header: 'common:8000'. You may need to add 'common' to ALLOWED_HOSTS.
Traceback (most recent call last):
  File "/usr/local/lib/python3.12/site-packages/django/core/handlers/exception.py", line 55, in inner
    response = get_response(request)
               ^^^^^^^^^^^^^^^^^^^^^
  File "/usr/local/lib/python3.12/site-packages/django/utils/deprecation.py", line 128, in __call__
    response = self.process_request(request)
               ^^^^^^^^^^^^^^^^^^^^^^^^^^^^^
  File "/usr/local/lib/python3.12/site-packages/django/middleware/common.py", line 48, in process_request
    host = request.get_host()
           ^^^^^^^^^^^^^^^^^^
  File "/usr/local/lib/python3.12/site-packages/django/http/request.py", line 151, in get_host
    raise DisallowedHost(msg)
django.core.exceptions.DisallowedHost: Invalid HTTP_HOST header: 'common:8000'. You may need to add 'common' to ALLOWED_HOSTS.
INFO 2025-07-25 10:10:25 [django.utils.autoreload] /app/deckoviz/settings.py changed, reloading.
INFO 2025-07-25 10:10:41 [django.utils.autoreload] Watching for file changes with StatReloader
INFO 2025-07-25 10:12:39 [django.utils.autoreload] /app/apps/credits/services.py changed, reloading.
INFO 2025-07-25 10:12:47 [django.utils.autoreload] Watching for file changes with StatReloader
INFO 2025-07-25 10:16:06 [django.utils.autoreload] Watching for file changes with StatReloader
WARNING 2025-07-25 10:21:12 [django.security.csrf] Forbidden (CSRF cookie not set.): /api/auth/login/
ERROR 2025-07-25 10:24:05 [apps.analytics.services] Error starting feature usage tracking: CreditAIOperation() got unexpected keyword arguments: 'ai_operation_id'
INFO 2025-07-25 10:24:36 [django.utils.autoreload] /app/apps/credits/services.py changed, reloading.
INFO 2025-07-25 10:24:44 [django.utils.autoreload] Watching for file changes with StatReloader
INFO 2025-07-25 10:27:12 [apps.credits.services] Free usage for creative_tools, user: imransk
INFO 2025-07-25 10:27:13 [apps.analytics.services] Started feature usage tracking: user=imransk, feature=poster, credits=0, usage_id=4dd16cb6-661d-47a7-9f9a-a819c688039d
INFO 2025-07-25 10:27:39 [django.utils.autoreload] Watching for file changes with StatReloader
INFO 2025-07-25 10:32:00 [apps.credits.services] Free usage for creative_tools, user: imransk
INFO 2025-07-25 10:32:00 [apps.analytics.services] Started feature usage tracking: user=imransk, feature=poster, credits=0, usage_id=c13954e9-311a-4663-9677-ae26e1441ed6
INFO 2025-07-25 10:35:45 [apps.credits.services] Free usage for creative_tools, user: imransk
INFO 2025-07-25 10:35:45 [apps.analytics.services] Started feature usage tracking: user=imransk, feature=poster, credits=0, usage_id=a323f59c-9291-49fe-8e06-96a4c029bcad
INFO 2025-07-25 10:36:03 [apps.analytics.services] Completed feature usage: usage_id=a323f59c-9291-49fe-8e06-96a4c029bcad, status=completed
INFO 2025-07-25 10:37:18 [apps.credits.services] Free usage for creative_tools, user: Devian
INFO 2025-07-25 10:37:19 [apps.analytics.services] Started feature usage tracking: user=Devian, feature=poster, credits=0, usage_id=b86eaa4d-0eef-4673-b0ee-b65049e44138
INFO 2025-07-25 10:37:36 [apps.analytics.services] Completed feature usage: usage_id=b86eaa4d-0eef-4673-b0ee-b65049e44138, status=completed
INFO 2025-07-26 13:07:57 [django.utils.autoreload] Watching for file changes with StatReloader
INFO 2025-07-26 13:10:21 [django.utils.autoreload] Watching for file changes with StatReloader
INFO 2025-07-26 13:13:27 [django.utils.autoreload] /app/apps/analytics/serializers.py changed, reloading.
INFO 2025-07-26 13:13:35 [django.utils.autoreload] Watching for file changes with StatReloader
INFO 2025-07-26 13:13:48 [django.utils.autoreload] /app/apps/analytics/services.py changed, reloading.
INFO 2025-07-26 13:13:55 [django.utils.autoreload] Watching for file changes with StatReloader
INFO 2025-07-26 13:14:07 [django.utils.autoreload] /app/apps/analytics/models.py changed, reloading.
INFO 2025-07-26 13:14:14 [django.utils.autoreload] Watching for file changes with StatReloader
INFO 2025-07-26 13:16:17 [apps.credits.services] Free usage for creative_tools, user: Devian
INFO 2025-07-26 13:16:17 [apps.analytics.services] Started feature usage tracking: user=Devian, feature=poster, credits=0, usage_id=52ec7fa7-e131-4b34-9730-0c40d7d2c038
INFO 2025-07-26 13:19:05 [apps.credits.services] Free usage for creative_tools, user: Devian
INFO 2025-07-26 13:19:05 [apps.analytics.services] Started feature usage tracking: user=Devian, feature=poster, credits=0, usage_id=323e6e3c-4235-47d6-a7d6-506691a0c2b6
INFO 2025-07-26 13:19:24 [apps.analytics.services] Completed feature usage: usage_id=323e6e3c-4235-47d6-a7d6-506691a0c2b6, status=completed
INFO 2025-07-26 13:30:58 [apps.credits.services] Free usage for creative_tools, user: Devian
INFO 2025-07-26 13:30:58 [apps.analytics.services] Started feature usage tracking: user=Devian, feature=poster, credits=0, usage_id=330bb65a-44d0-4b70-bee4-ab1cde7bcb4e
INFO 2025-07-26 13:34:45 [apps.credits.services] Free usage for creative_tools, user: Devian
INFO 2025-07-26 13:34:46 [apps.analytics.services] Started feature usage tracking: user=Devian, feature=poster, credits=0, usage_id=5a132f78-f246-4cec-b31e-ec8712a80e00
INFO 2025-07-26 13:35:00 [apps.analytics.services] Completed feature usage: usage_id=5a132f78-f246-4cec-b31e-ec8712a80e00, status=completed
INFO 2025-07-26 13:35:22 [apps.credits.services] Free usage for creative_tools, user: Devian
INFO 2025-07-26 13:35:23 [apps.analytics.services] Started feature usage tracking: user=Devian, feature=poster, credits=0, usage_id=5c6f3ac1-3a07-4fab-b903-aa14711886f7
INFO 2025-07-26 14:50:11 [apps.credits.services] Free usage for creative_tools, user: Devian
INFO 2025-07-26 14:50:12 [apps.analytics.services] Started feature usage tracking: user=Devian, feature=poster, credits=0, usage_id=5281bd7c-9914-4761-8f4d-9753f6492ab0
INFO 2025-07-26 14:50:25 [apps.analytics.services] Completed feature usage: usage_id=5281bd7c-9914-4761-8f4d-9753f6492ab0, status=completed
INFO 2025-07-26 14:51:07 [apps.analytics.services] Completed feature usage: usage_id=5c6f3ac1-3a07-4fab-b903-aa14711886f7, status=completed
INFO 2025-07-26 14:58:00 [apps.credits.services] Free usage for creative_tools, user: Devian
INFO 2025-07-26 14:58:01 [apps.analytics.services] Started feature usage tracking: user=Devian, feature=poster, credits=0, usage_id=1fe1c1b6-60c1-429e-847a-f26a554f48f5
INFO 2025-07-26 14:58:18 [apps.analytics.services] Completed feature usage: usage_id=1fe1c1b6-60c1-429e-847a-f26a554f48f5, status=completed
INFO 2025-07-26 15:19:26 [apps.credits.services] Free usage for image_editing, user: Devian
INFO 2025-07-26 15:19:29 [apps.analytics.services] Started feature usage tracking: user=Devian, feature=reimagine_art, credits=0, usage_id=14768838-81bc-4693-bc92-4f86fbe5ae2d
INFO 2025-07-26 15:19:44 [django.utils.autoreload] /app/apps/analytics/models.py changed, reloading.
INFO 2025-07-26 15:19:53 [django.utils.autoreload] Watching for file changes with StatReloader
INFO 2025-07-26 15:20:27 [apps.credits.services] Free usage for creative_tools, user: Devian
INFO 2025-07-26 15:20:27 [apps.analytics.services] Started feature usage tracking: user=Devian, feature=poster, credits=0, usage_id=4e94fbc6-5e0e-4efd-a5ed-6cf095b16eea
INFO 2025-07-26 15:20:49 [apps.analytics.services] Completed feature usage: usage_id=4e94fbc6-5e0e-4efd-a5ed-6cf095b16eea, status=completed
INFO 2025-07-26 15:29:28 [apps.credits.services] Free usage for image_editing, user: Devian
INFO 2025-07-26 15:29:28 [apps.analytics.services] Started feature usage tracking: user=Devian, feature=reimagine_art, credits=0, usage_id=92654a0d-6169-46b5-a7a9-76868afea3c7
INFO 2025-07-26 15:29:39 [apps.analytics.services] Completed feature usage: usage_id=92654a0d-6169-46b5-a7a9-76868afea3c7, status=completed
INFO 2025-07-26 15:31:22 [apps.credits.services] Used 10 credits for chat_ai, user: Devian, new balance: 990
INFO 2025-07-26 15:31:22 [apps.analytics.services] Started feature usage tracking: user=Devian, feature=dream_visualizer_chat, credits=10, usage_id=8ff4aeed-c633-45d8-a7fb-e45d0a30df28
INFO 2025-07-26 15:31:25 [apps.analytics.services] Completed feature usage: usage_id=8ff4aeed-c633-45d8-a7fb-e45d0a30df28, status=completed
INFO 2025-07-26 15:31:57 [apps.credits.services] Used 10 credits for chat_ai, user: Devian, new balance: 980
INFO 2025-07-26 15:31:57 [apps.analytics.services] Started feature usage tracking: user=Devian, feature=dream_visualizer_chat, credits=10, usage_id=7512f7f8-f1cd-4197-9de5-2f35c7f4001a
INFO 2025-07-26 15:32:04 [apps.analytics.services] Completed feature usage: usage_id=7512f7f8-f1cd-4197-9de5-2f35c7f4001a, status=completed
INFO 2025-07-26 15:32:21 [apps.credits.services] Used 10 credits for chat_ai, user: Devian, new balance: 970
INFO 2025-07-26 15:32:22 [apps.analytics.services] Started feature usage tracking: user=Devian, feature=dream_visualizer_chat, credits=10, usage_id=425aa296-2b88-4879-8eb9-c5629fcb61c7
INFO 2025-07-26 15:32:28 [apps.analytics.services] Completed feature usage: usage_id=425aa296-2b88-4879-8eb9-c5629fcb61c7, status=completed
INFO 2025-07-26 15:36:32 [apps.credits.services] Used 10 credits for chat_ai, user: Devian, new balance: 960
INFO 2025-07-26 15:36:33 [apps.analytics.services] Started feature usage tracking: user=Devian, feature=dream_visualizer_chat, credits=10, usage_id=8f0e54fa-6c9c-457f-9a65-c09875ed8ad1
INFO 2025-07-26 15:36:48 [apps.analytics.services] Completed feature usage: usage_id=8f0e54fa-6c9c-457f-9a65-c09875ed8ad1, status=completed
INFO 2025-07-26 15:47:05 [apps.credits.services] Free usage for creative_tools, user: Devian
INFO 2025-07-26 15:47:05 [apps.analytics.services] Started feature usage tracking: user=Devian, feature=visual_journal, credits=0, usage_id=62192fed-3e94-4567-abd0-027af5fdf69d
INFO 2025-07-26 15:47:28 [apps.analytics.services] Completed feature usage: usage_id=62192fed-3e94-4567-abd0-027af5fdf69d, status=completed
INFO 2025-07-26 15:50:28 [apps.credits.services] Free usage for style_transfer, user: Devian
INFO 2025-07-26 15:50:28 [apps.analytics.services] Started feature usage tracking: user=Devian, feature=replicate_style_transfer, credits=0, usage_id=a876c469-3a49-4099-9dbd-807aa59fff2c
INFO 2025-07-26 15:51:23 [apps.analytics.services] Completed feature usage: usage_id=a876c469-3a49-4099-9dbd-807aa59fff2c, status=completed
INFO 2025-07-26 15:53:17 [apps.credits.services] Free usage for creative_tools, user: Devian
INFO 2025-07-26 15:53:18 [apps.analytics.services] Started feature usage tracking: user=Devian, feature=book_to_frames, credits=0, usage_id=95db62a8-35af-43a4-9030-7b74b75bfc3d
INFO 2025-07-26 15:54:09 [apps.analytics.services] Completed feature usage: usage_id=95db62a8-35af-43a4-9030-7b74b75bfc3d, status=completed
INFO 2025-07-26 15:58:09 [apps.credits.services] Free usage for video_generation, user: Devian
INFO 2025-07-26 15:58:09 [apps.analytics.services] Started feature usage tracking: user=Devian, feature=runware_image_to_video, credits=0, usage_id=8b07c766-282f-4a52-8550-31815d634b27
INFO 2025-07-26 15:58:15 [apps.analytics.services] Completed feature usage: usage_id=8b07c766-282f-4a52-8550-31815d634b27, status=completed
INFO 2025-07-26 15:59:25 [apps.credits.services] Free usage for visualization, user: Devian
INFO 2025-07-26 15:59:26 [apps.analytics.services] Started feature usage tracking: user=Devian, feature=text_visualization, credits=0, usage_id=843e7b1f-aee5-4c57-83c4-fe523c3be2b0
INFO 2025-07-26 15:59:28 [apps.credits.services] Free usage for visualization, user: Devian
INFO 2025-07-26 15:59:29 [apps.analytics.services] Completed feature usage: usage_id=843e7b1f-aee5-4c57-83c4-fe523c3be2b0, status=completed
INFO 2025-07-26 15:59:29 [apps.analytics.services] Started feature usage tracking: user=Devian, feature=text_visualization, credits=0, usage_id=a3487785-8bc6-40a4-ae47-45609cc25a70
INFO 2025-07-26 16:00:01 [apps.analytics.services] Completed feature usage: usage_id=a3487785-8bc6-40a4-ae47-45609cc25a70, status=completed
INFO 2025-07-26 16:06:04 [django.utils.autoreload] /app/apps/analytics/apps.py changed, reloading.
INFO 2025-07-26 16:06:09 [django.utils.autoreload] Watching for file changes with StatReloader
INFO 2025-07-26 16:09:23 [django.utils.autoreload] /app/apps/analytics/views.py changed, reloading.
INFO 2025-07-26 16:09:26 [django.utils.autoreload] Watching for file changes with StatReloader
INFO 2025-07-26 16:12:40 [django.utils.autoreload] Watching for file changes with StatReloader
INFO 2025-07-26 16:13:59 [apps.credits.services] Free usage for image_editing, user: Devian
INFO 2025-07-26 16:13:59 [apps.analytics.services] Started feature usage tracking: user=Devian, feature=reimagine_art, credits=0, usage_id=feb8104a-0a72-48b3-8248-107831472e97
ERROR 2025-07-26 16:14:08 [apps.analytics.views] Error in complete_usage_tracking: FeatureUsageTracker.complete_feature_usage() got an unexpected keyword argument 'response_body'
INFO 2025-07-26 16:43:35 [django.utils.autoreload] /app/apps/analytics/views.py changed, reloading.
INFO 2025-07-26 16:43:38 [django.utils.autoreload] Watching for file changes with StatReloader
INFO 2025-07-26 16:44:22 [django.utils.autoreload] /app/apps/analytics/services.py changed, reloading.
INFO 2025-07-26 16:44:25 [django.utils.autoreload] Watching for file changes with StatReloader
INFO 2025-07-26 16:44:35 [django.utils.autoreload] /app/apps/analytics/views.py changed, reloading.
INFO 2025-07-26 16:44:38 [django.utils.autoreload] Watching for file changes with StatReloader
INFO 2025-07-26 16:44:47 [django.utils.autoreload] /app/apps/analytics/serializers.py changed, reloading.
INFO 2025-07-26 16:44:50 [django.utils.autoreload] Watching for file changes with StatReloader
INFO 2025-07-26 16:49:07 [apps.credits.services] Free usage for creative_tools, user: Devian
INFO 2025-07-26 16:49:08 [apps.analytics.services] Started feature usage tracking: user=Devian, feature=poster, credits=0, usage_id=befbcd3a-dfcb-4cea-9478-dc8d4b38e84c
INFO 2025-07-26 16:49:24 [apps.analytics.services] Completed feature usage: usage_id=befbcd3a-dfcb-4cea-9478-dc8d4b38e84c, status=completed
INFO 2025-07-26 16:51:51 [django.utils.autoreload] /app/apps/analytics/services.py changed, reloading.
INFO 2025-07-26 16:51:54 [django.utils.autoreload] Watching for file changes with StatReloader
INFO 2025-07-26 16:52:24 [django.utils.autoreload] /app/apps/analytics/services.py changed, reloading.
INFO 2025-07-26 16:52:27 [django.utils.autoreload] Watching for file changes with StatReloader
INFO 2025-07-26 16:55:12 [apps.credits.services] Free usage for image_editing, user: Devian
INFO 2025-07-26 16:55:13 [apps.analytics.services] Started feature usage tracking: user=Devian, feature=reimagine_art, credits=0, usage_id=c99cb527-1f54-447a-ab6b-b96554927929
INFO 2025-07-26 16:55:23 [apps.analytics.services] Completed feature usage: usage_id=c99cb527-1f54-447a-ab6b-b96554927929, status=completed
INFO 2025-07-26 16:55:51 [django.utils.autoreload] /app/apps/analytics/serializers.py changed, reloading.
INFO 2025-07-26 16:55:55 [django.utils.autoreload] Watching for file changes with StatReloader
INFO 2025-07-26 17:56:47 [django.utils.autoreload] /app/apps/gallery/models.py changed, reloading.
INFO 2025-07-26 17:56:51 [django.utils.autoreload] Watching for file changes with StatReloader
INFO 2025-07-26 17:57:00 [django.utils.autoreload] /app/apps/dashboard/forms.py changed, reloading.
INFO 2025-07-26 17:57:02 [django.utils.autoreload] Watching for file changes with StatReloader
INFO 2025-07-26 17:57:33 [django.utils.autoreload] /app/apps/dashboard/forms.py changed, reloading.
INFO 2025-07-26 17:57:36 [django.utils.autoreload] Watching for file changes with StatReloader
INFO 2025-07-26 17:57:46 [django.utils.autoreload] /app/apps/dashboard/forms.py changed, reloading.
INFO 2025-07-26 17:57:49 [django.utils.autoreload] Watching for file changes with StatReloader
INFO 2025-07-26 17:58:15 [django.utils.autoreload] /app/apps/dashboard/views.py changed, reloading.
INFO 2025-07-26 17:58:18 [django.utils.autoreload] Watching for file changes with StatReloader
INFO 2025-07-26 17:58:33 [django.utils.autoreload] /app/apps/dashboard/views.py changed, reloading.
INFO 2025-07-26 17:58:35 [django.utils.autoreload] Watching for file changes with StatReloader
INFO 2025-07-26 18:01:02 [django.utils.autoreload] /app/apps/gallery/models.py changed, reloading.
INFO 2025-07-26 18:01:05 [django.utils.autoreload] Watching for file changes with StatReloader
INFO 2025-07-26 18:10:44 [django.utils.autoreload] /app/apps/gallery/models.py changed, reloading.
INFO 2025-07-26 18:10:46 [django.utils.autoreload] Watching for file changes with StatReloader
INFO 2025-07-26 18:10:58 [django.utils.autoreload] /app/apps/dashboard/forms.py changed, reloading.
INFO 2025-07-26 18:11:01 [django.utils.autoreload] Watching for file changes with StatReloader
INFO 2025-07-26 18:11:11 [django.utils.autoreload] /app/apps/dashboard/forms.py changed, reloading.
INFO 2025-07-26 18:11:14 [django.utils.autoreload] Watching for file changes with StatReloader
INFO 2025-07-26 18:11:24 [django.utils.autoreload] /app/apps/dashboard/views.py changed, reloading.
INFO 2025-07-26 18:11:28 [django.utils.autoreload] Watching for file changes with StatReloader
INFO 2025-07-26 18:11:37 [django.utils.autoreload] /app/apps/dashboard/views.py changed, reloading.
INFO 2025-07-26 18:11:41 [django.utils.autoreload] Watching for file changes with StatReloader
INFO 2025-07-26 18:14:06 [django.utils.autoreload] /app/apps/dashboard/forms.py changed, reloading.
INFO 2025-07-26 18:14:09 [django.utils.autoreload] Watching for file changes with StatReloader
INFO 2025-07-26 18:45:45 [django.utils.autoreload] /app/apps/gallery/views.py changed, reloading.
INFO 2025-07-26 18:45:49 [django.utils.autoreload] Watching for file changes with StatReloader
INFO 2025-07-26 18:55:15 [apps.gallery.serializers] Audio field raw value: audios/8e133332-9565-4451-a296-ab277b037742/background-technology.mp3
INFO 2025-07-26 18:55:15 [apps.gallery.serializers] Audio field .url value: https://deckoviz-medias.s3.eu-west-2.amazonaws.com/audios/8e133332-9565-4451-a296-ab277b037742/background-technology.mp3
INFO 2025-07-26 18:55:15 [apps.gallery.serializers] Using storage URL: https://deckoviz-medias.s3.eu-west-2.amazonaws.com/audios/8e133332-9565-4451-a296-ab277b037742/background-technology.mp3
INFO 2025-07-26 18:58:18 [apps.gallery.serializers] Audio field raw value: audios/8e133332-9565-4451-a296-ab277b037742/background-technology.mp3
INFO 2025-07-26 18:58:18 [apps.gallery.serializers] Audio field .url value: https://deckoviz-medias.s3.eu-west-2.amazonaws.com/audios/8e133332-9565-4451-a296-ab277b037742/background-technology.mp3
INFO 2025-07-26 18:58:18 [apps.gallery.serializers] Using storage URL: https://deckoviz-medias.s3.eu-west-2.amazonaws.com/audios/8e133332-9565-4451-a296-ab277b037742/background-technology.mp3
INFO 2025-07-26 18:58:18 [apps.gallery.serializers] Audio field raw value: audios/8e133332-9565-4451-a296-ab277b037742/Soft_Background.mp3
INFO 2025-07-26 18:58:18 [apps.gallery.serializers] Audio field .url value: https://deckoviz-medias.s3.eu-west-2.amazonaws.com/audios/8e133332-9565-4451-a296-ab277b037742/Soft_Background.mp3
INFO 2025-07-26 18:58:18 [apps.gallery.serializers] Using storage URL: https://deckoviz-medias.s3.eu-west-2.amazonaws.com/audios/8e133332-9565-4451-a296-ab277b037742/Soft_Background.mp3
INFO 2025-07-26 19:00:36 [django.utils.autoreload] /app/apps/gallery/search_views.py changed, reloading.
INFO 2025-07-26 19:00:39 [django.utils.autoreload] Watching for file changes with StatReloader
INFO 2025-07-26 19:01:02 [django.utils.autoreload] /app/apps/gallery/search_views.py changed, reloading.
INFO 2025-07-26 19:01:05 [django.utils.autoreload] Watching for file changes with StatReloader
INFO 2025-07-26 19:01:14 [django.utils.autoreload] /app/apps/gallery/urls.py changed, reloading.
INFO 2025-07-26 19:01:17 [django.utils.autoreload] Watching for file changes with StatReloader
INFO 2025-07-26 19:01:23 [django.utils.autoreload] /app/apps/gallery/urls.py changed, reloading.
INFO 2025-07-26 19:01:26 [django.utils.autoreload] Watching for file changes with StatReloader
INFO 2025-07-26 19:03:48 [apps.gallery.serializers] Audio field raw value: audios/8e133332-9565-4451-a296-ab277b037742/Soft_Background.mp3
INFO 2025-07-26 19:03:48 [apps.gallery.serializers] Audio field .url value: https://deckoviz-medias.s3.eu-west-2.amazonaws.com/audios/8e133332-9565-4451-a296-ab277b037742/Soft_Background.mp3
INFO 2025-07-26 19:03:48 [apps.gallery.serializers] Using storage URL: https://deckoviz-medias.s3.eu-west-2.amazonaws.com/audios/8e133332-9565-4451-a296-ab277b037742/Soft_Background.mp3
INFO 2025-07-26 19:04:58 [apps.gallery.serializers] Audio field raw value: audios/ae3a7351-095d-4cae-ac04-123330f95c95/sunflower-street-drumloop-85bpm-163900.mp3
INFO 2025-07-26 19:04:58 [apps.gallery.serializers] Audio field .url value: https://deckoviz-medias.s3.eu-west-2.amazonaws.com/audios/ae3a7351-095d-4cae-ac04-123330f95c95/sunflower-street-drumloop-85bpm-163900.mp3
INFO 2025-07-26 19:04:58 [apps.gallery.serializers] Using storage URL: https://deckoviz-medias.s3.eu-west-2.amazonaws.com/audios/ae3a7351-095d-4cae-ac04-123330f95c95/sunflower-street-drumloop-85bpm-163900.mp3
INFO 2025-07-26 19:05:08 [django.utils.autoreload] /app/apps/gallery/views.py changed, reloading.
INFO 2025-07-26 19:05:11 [django.utils.autoreload] Watching for file changes with StatReloader
INFO 2025-07-26 19:07:21 [django.utils.autoreload] /app/apps/gallery/serializers.py changed, reloading.
INFO 2025-07-26 19:07:24 [django.utils.autoreload] Watching for file changes with StatReloader
INFO 2025-07-26 19:07:30 [django.utils.autoreload] /app/apps/gallery/search_views.py changed, reloading.
INFO 2025-07-26 19:07:33 [django.utils.autoreload] Watching for file changes with StatReloader
INFO 2025-07-26 19:07:38 [django.utils.autoreload] /app/apps/gallery/search_views.py changed, reloading.
INFO 2025-07-26 19:07:41 [django.utils.autoreload] Watching for file changes with StatReloader
INFO 2025-07-26 19:07:48 [django.utils.autoreload] /app/apps/gallery/search_views.py changed, reloading.
INFO 2025-07-26 19:07:51 [django.utils.autoreload] Watching for file changes with StatReloader
INFO 2025-07-26 19:08:04 [django.utils.autoreload] /app/apps/gallery/views.py changed, reloading.
INFO 2025-07-26 19:08:07 [django.utils.autoreload] Watching for file changes with StatReloader
INFO 2025-07-26 19:08:18 [django.utils.autoreload] /app/apps/gallery/views.py changed, reloading.
INFO 2025-07-26 19:08:21 [django.utils.autoreload] Watching for file changes with StatReloader
INFO 2025-07-26 19:09:29 [apps.gallery.serializers] Audio field raw value: audios/ae3a7351-095d-4cae-ac04-123330f95c95/sunflower-street-drumloop-85bpm-163900.mp3
INFO 2025-07-26 19:09:29 [apps.gallery.serializers] Audio field .url value: https://deckoviz-medias.s3.eu-west-2.amazonaws.com/audios/ae3a7351-095d-4cae-ac04-123330f95c95/sunflower-street-drumloop-85bpm-163900.mp3
INFO 2025-07-26 19:09:29 [apps.gallery.serializers] Using storage URL: https://deckoviz-medias.s3.eu-west-2.amazonaws.com/audios/ae3a7351-095d-4cae-ac04-123330f95c95/sunflower-street-drumloop-85bpm-163900.mp3
INFO 2025-07-26 19:09:43 [apps.gallery.serializers] Audio field raw value: audios/8e133332-9565-4451-a296-ab277b037742/background-technology.mp3
INFO 2025-07-26 19:09:43 [apps.gallery.serializers] Audio field .url value: https://deckoviz-medias.s3.eu-west-2.amazonaws.com/audios/8e133332-9565-4451-a296-ab277b037742/background-technology.mp3
INFO 2025-07-26 19:09:43 [apps.gallery.serializers] Using storage URL: https://deckoviz-medias.s3.eu-west-2.amazonaws.com/audios/8e133332-9565-4451-a296-ab277b037742/background-technology.mp3
INFO 2025-07-26 19:09:43 [apps.gallery.serializers] Audio field raw value: audios/8e133332-9565-4451-a296-ab277b037742/Soft_Background.mp3
INFO 2025-07-26 19:09:43 [apps.gallery.serializers] Audio field .url value: https://deckoviz-medias.s3.eu-west-2.amazonaws.com/audios/8e133332-9565-4451-a296-ab277b037742/Soft_Background.mp3
INFO 2025-07-26 19:09:43 [apps.gallery.serializers] Using storage URL: https://deckoviz-medias.s3.eu-west-2.amazonaws.com/audios/8e133332-9565-4451-a296-ab277b037742/Soft_Background.mp3
INFO 2025-07-26 19:09:59 [apps.gallery.serializers] Audio field raw value: audios/8e133332-9565-4451-a296-ab277b037742/Soft_Background.mp3
INFO 2025-07-26 19:09:59 [apps.gallery.serializers] Audio field .url value: https://deckoviz-medias.s3.eu-west-2.amazonaws.com/audios/8e133332-9565-4451-a296-ab277b037742/Soft_Background.mp3
INFO 2025-07-26 19:09:59 [apps.gallery.serializers] Using storage URL: https://deckoviz-medias.s3.eu-west-2.amazonaws.com/audios/8e133332-9565-4451-a296-ab277b037742/Soft_Background.mp3
INFO 2025-07-26 19:17:42 [django.utils.autoreload] /app/apps/gallery/search_views.py changed, reloading.
INFO 2025-07-26 19:17:45 [django.utils.autoreload] Watching for file changes with StatReloader
INFO 2025-07-26 19:17:56 [django.utils.autoreload] /app/apps/gallery/views.py changed, reloading.
INFO 2025-07-26 19:17:59 [django.utils.autoreload] Watching for file changes with StatReloader
INFO 2025-07-26 19:19:05 [django.utils.autoreload] /app/apps/gallery/search_views.py changed, reloading.
INFO 2025-07-26 19:19:09 [django.utils.autoreload] Watching for file changes with StatReloader
INFO 2025-07-26 19:19:15 [django.utils.autoreload] /app/apps/gallery/search_views.py changed, reloading.
INFO 2025-07-26 19:19:18 [django.utils.autoreload] Watching for file changes with StatReloader
INFO 2025-07-26 19:19:24 [django.utils.autoreload] /app/apps/gallery/search_views.py changed, reloading.
INFO 2025-07-26 19:19:27 [django.utils.autoreload] Watching for file changes with StatReloader
INFO 2025-07-26 19:19:42 [django.utils.autoreload] /app/apps/gallery/search_views.py changed, reloading.
INFO 2025-07-26 19:19:45 [django.utils.autoreload] Watching for file changes with StatReloader
INFO 2025-07-26 19:21:20 [django.utils.autoreload] /app/apps/gallery/views.py changed, reloading.
INFO 2025-07-26 19:21:23 [django.utils.autoreload] Watching for file changes with StatReloader
INFO 2025-07-26 19:21:35 [django.utils.autoreload] /app/apps/gallery/serializers.py changed, reloading.
INFO 2025-07-26 19:21:38 [django.utils.autoreload] Watching for file changes with StatReloader
INFO 2025-07-26 19:21:54 [django.utils.autoreload] /app/apps/gallery/search_views.py changed, reloading.
INFO 2025-07-26 19:21:57 [django.utils.autoreload] Watching for file changes with StatReloader
INFO 2025-07-26 19:22:02 [django.utils.autoreload] /app/apps/gallery/views.py changed, reloading.
INFO 2025-07-26 19:22:06 [django.utils.autoreload] Watching for file changes with StatReloader
INFO 2025-07-26 19:22:11 [django.utils.autoreload] /app/apps/gallery/search_views.py changed, reloading.
INFO 2025-07-26 19:22:14 [django.utils.autoreload] Watching for file changes with StatReloader
INFO 2025-07-26 19:22:20 [django.utils.autoreload] /app/apps/gallery/views.py changed, reloading.
INFO 2025-07-26 19:22:24 [django.utils.autoreload] Watching for file changes with StatReloader
INFO 2025-07-26 19:23:21 [django.utils.autoreload] /app/apps/gallery/views.py changed, reloading.
INFO 2025-07-26 19:23:24 [django.utils.autoreload] Watching for file changes with StatReloader
INFO 2025-07-28 14:07:24 [django.utils.autoreload] Watching for file changes with StatReloader
INFO 2025-07-28 14:08:16 [apps.gallery.serializers] Successfully generated metadata for: DJ - Title: DJ Mixing at a Club
INFO 2025-07-28 14:14:08 [django.utils.autoreload] /app/apps/gallery/serializers.py changed, reloading.
INFO 2025-07-28 14:14:16 [django.utils.autoreload] Watching for file changes with StatReloader
INFO 2025-07-28 14:15:50 [django.utils.autoreload] /app/apps/metaimages/models.py changed, reloading.
INFO 2025-07-28 14:15:58 [django.utils.autoreload] Watching for file changes with StatReloader
INFO 2025-07-28 14:16:12 [django.utils.autoreload] /app/apps/metaimages/serializers.py changed, reloading.
INFO 2025-07-28 14:16:20 [django.utils.autoreload] Watching for file changes with StatReloader
INFO 2025-07-28 14:16:55 [django.utils.autoreload] /app/apps/metaimages/views.py changed, reloading.
INFO 2025-07-28 14:17:03 [django.utils.autoreload] Watching for file changes with StatReloader
INFO 2025-07-28 14:20:09 [django.utils.autoreload] /app/apps/metaimages/admin.py changed, reloading.
INFO 2025-07-28 14:20:17 [django.utils.autoreload] Watching for file changes with StatReloader
INFO 2025-07-28 14:23:10 [django.utils.autoreload] Watching for file changes with StatReloader
INFO 2025-07-28 14:33:44 [django.utils.autoreload] /app/apps/metaimages/admin.py changed, reloading.
INFO 2025-07-28 14:33:51 [django.utils.autoreload] Watching for file changes with StatReloader
INFO 2025-07-28 14:39:35 [django.utils.autoreload] /app/apps/metaimages/serializers.py changed, reloading.
INFO 2025-07-28 14:39:43 [django.utils.autoreload] Watching for file changes with StatReloader
INFO 2025-07-28 14:39:57 [django.utils.autoreload] /app/apps/metacollections/serializers.py changed, reloading.
INFO 2025-07-28 14:40:05 [django.utils.autoreload] Watching for file changes with StatReloader
INFO 2025-07-28 14:40:19 [django.utils.autoreload] /app/apps/metaimages/views.py changed, reloading.
INFO 2025-07-28 14:40:27 [django.utils.autoreload] Watching for file changes with StatReloader
INFO 2025-07-28 14:40:41 [django.utils.autoreload] /app/apps/metacollections/views.py changed, reloading.
INFO 2025-07-28 14:40:49 [django.utils.autoreload] Watching for file changes with StatReloader
INFO 2025-07-28 14:41:20 [django.utils.autoreload] /app/apps/metacollections/urls.py changed, reloading.
INFO 2025-07-28 14:41:28 [django.utils.autoreload] Watching for file changes with StatReloader
INFO 2025-07-28 14:44:14 [django.utils.autoreload] Watching for file changes with StatReloader
INFO 2025-07-28 14:48:22 [django.utils.autoreload] /app/apps/metaimages/urls.py changed, reloading.
INFO 2025-07-28 14:48:30 [django.utils.autoreload] Watching for file changes with StatReloader
INFO 2025-07-29 14:24:20 [django.utils.autoreload] Watching for file changes with StatReloader
INFO 2025-07-29 14:40:19 [django.utils.autoreload] /app/apps/metaimages/views.py changed, reloading.
INFO 2025-07-29 14:40:30 [django.utils.autoreload] Watching for file changes with StatReloader
INFO 2025-07-29 14:47:58 [django.utils.autoreload] /app/apps/metaimages/serializers.py changed, reloading.
INFO 2025-07-29 14:48:07 [django.utils.autoreload] Watching for file changes with StatReloader
INFO 2025-07-29 14:48:30 [django.utils.autoreload] /app/apps/metacollections/serializers.py changed, reloading.
INFO 2025-07-29 14:48:37 [django.utils.autoreload] Watching for file changes with StatReloader
INFO 2025-07-29 14:48:51 [django.utils.autoreload] /app/apps/metaimages/views.py changed, reloading.
INFO 2025-07-29 14:48:59 [django.utils.autoreload] Watching for file changes with StatReloader
INFO 2025-07-29 14:49:12 [django.utils.autoreload] /app/apps/metaimages/views.py changed, reloading.
INFO 2025-07-29 14:49:20 [django.utils.autoreload] Watching for file changes with StatReloader
INFO 2025-07-29 14:49:42 [django.utils.autoreload] /app/apps/metacollections/views.py changed, reloading.
INFO 2025-07-29 14:49:50 [django.utils.autoreload] Watching for file changes with StatReloader
INFO 2025-07-29 14:50:03 [django.utils.autoreload] /app/apps/metacollections/views.py changed, reloading.
INFO 2025-07-29 14:50:11 [django.utils.autoreload] Watching for file changes with StatReloader
INFO 2025-07-29 14:50:26 [django.utils.autoreload] /app/apps/metaimages/views.py changed, reloading.
INFO 2025-07-29 14:50:33 [django.utils.autoreload] Watching for file changes with StatReloader
INFO 2025-07-29 14:50:47 [django.utils.autoreload] /app/apps/metaimages/views.py changed, reloading.
INFO 2025-07-29 14:50:54 [django.utils.autoreload] Watching for file changes with StatReloader
INFO 2025-07-29 14:51:09 [django.utils.autoreload] /app/apps/metaimages/views.py changed, reloading.
INFO 2025-07-29 14:51:16 [django.utils.autoreload] Watching for file changes with StatReloader
INFO 2025-07-29 14:51:31 [django.utils.autoreload] /app/apps/metacollections/views.py changed, reloading.
INFO 2025-07-29 14:51:38 [django.utils.autoreload] Watching for file changes with StatReloader
INFO 2025-07-29 14:51:52 [django.utils.autoreload] /app/apps/metacollections/views.py changed, reloading.
INFO 2025-07-29 14:51:59 [django.utils.autoreload] Watching for file changes with StatReloader
INFO 2025-07-29 14:52:22 [django.utils.autoreload] /app/apps/metacollections/views.py changed, reloading.
INFO 2025-07-29 14:52:29 [django.utils.autoreload] Watching for file changes with StatReloader
INFO 2025-07-29 14:56:14 [django.utils.autoreload] Watching for file changes with StatReloader
INFO 2025-09-11 08:12:57 [django.utils.autoreload] Watching for file changes with StatReloader
INFO 2025-09-11 09:27:10 [django.utils.autoreload] C:\Users\Arjun VJ\Desktop\DECKOVIZ_BACKEND\python_deckoviz\common\deckoviz\settings.py changed, reloading.
INFO 2025-09-11 09:27:11 [django.utils.autoreload] Watching for file changes with StatReloader
INFO 2025-09-11 09:30:19 [django.utils.autoreload] C:\Users\Arjun VJ\Desktop\DECKOVIZ_BACKEND\python_deckoviz\common\deckoviz\settings.py changed, reloading.
INFO 2025-09-11 09:30:20 [django.utils.autoreload] Watching for file changes with StatReloader
INFO 2025-09-11 09:30:27 [django.utils.autoreload] C:\Users\Arjun VJ\Desktop\DECKOVIZ_BACKEND\python_deckoviz\common\deckoviz\settings.py changed, reloading.
INFO 2025-09-11 09:30:28 [django.utils.autoreload] Watching for file changes with StatReloader
INFO 2025-09-11 09:30:32 [django.utils.autoreload] C:\Users\Arjun VJ\Desktop\DECKOVIZ_BACKEND\python_deckoviz\common\deckoviz\settings.py changed, reloading.
INFO 2025-09-11 09:30:33 [django.utils.autoreload] Watching for file changes with StatReloader
INFO 2025-09-11 09:30:46 [django.utils.autoreload] C:\Users\Arjun VJ\Desktop\DECKOVIZ_BACKEND\python_deckoviz\common\deckoviz\settings.py changed, reloading.
INFO 2025-09-11 09:30:46 [django.utils.autoreload] Watching for file changes with StatReloader
